<nav aria-label="Breadcrumb"><ol><li><a href="/">Home</a></li><li><a href="/shop">Shop</a></li><li><a href="/shop/widget">Widget</a></li></ol></nav>