<h1>How to Brew Pour-Over Coffee</h1><p>A quick guide to consistent, tasty pour-over coffee at home.</p><h2>Supplies</h2><ul><li>Coffee beans — 20 g</li><li>Water — 300 ml</li></ul><h2>Tools</h2><ul><li>Gooseneck kettle</li><li>Dripper + filter</li></ul><h2>Steps</h2><ol><li><strong>Heat water</strong><div>Bring water to ~96°C (205°F).</div></li><li><strong>Rinse filter</strong><div>Rinse paper filter and pre-heat the dripper.</div></li><li><strong>Bloom</strong><div>Pour ~40 ml to wet grounds, wait 30–45 s.</div></li></ol>