<h1>Acme Inc.</h1><p><a href="https://acme.example">https://acme.example</a></p>