<article>
    <h1>Example Widget</h1>
    <p>A versatile widget for demonstration purposes.</p>
    <p><strong>From:</strong> 19.99 USD</p>
  </article>